2022-06-10T14:43:28.8877565Z Current runner version: '2.292.0'
2022-06-10T14:43:28.8891049Z Runner name: 'angular-runner'
2022-06-10T14:43:28.8891866Z Runner group name: 'Default'
2022-06-10T14:43:28.8892558Z Machine name: 'DESKTOP-LNREFR8'
2022-06-10T14:43:28.8896004Z ##[group]GITHUB_TOKEN Permissions
2022-06-10T14:43:28.8896722Z Actions: write
2022-06-10T14:43:28.8896993Z Checks: write
2022-06-10T14:43:28.8897247Z Contents: write
2022-06-10T14:43:28.8897507Z Deployments: write
2022-06-10T14:43:28.8897781Z Discussions: write
2022-06-10T14:43:28.8898044Z Issues: write
2022-06-10T14:43:28.8898285Z Metadata: read
2022-06-10T14:43:28.8898543Z Packages: write
2022-06-10T14:43:28.8898799Z Pages: write
2022-06-10T14:43:28.8899077Z PullRequests: write
2022-06-10T14:43:28.8899388Z RepositoryProjects: write
2022-06-10T14:43:28.8899698Z SecurityEvents: write
2022-06-10T14:43:28.8899966Z Statuses: write
2022-06-10T14:43:28.8900221Z ##[endgroup]
2022-06-10T14:43:28.8905050Z Secret source: Actions
2022-06-10T14:43:28.8905699Z Prepare workflow directory
2022-06-10T14:43:29.2189336Z Prepare all required actions
2022-06-10T14:43:29.2511764Z Getting action download info
2022-06-10T14:43:29.7134698Z Download action repository 'actions/checkout@v3' (SHA:2541b1294d2704b0964813337f33b291d3f8596b)
2022-06-10T14:43:32.2493206Z Download action repository 'actions/setup-node@v3' (SHA:eeb10cff27034e7acf239c5d29f62154018672fd)
2022-06-10T14:43:36.2201953Z ##[group]Run actions/checkout@v3
2022-06-10T14:43:36.2202613Z with:
2022-06-10T14:43:36.2203060Z   repository: yochi66865/basic-angular
2022-06-10T14:43:36.2203701Z   token: ***
2022-06-10T14:43:36.2203899Z   ssh-strict: true
2022-06-10T14:43:36.2204128Z   persist-credentials: true
2022-06-10T14:43:36.2204351Z   clean: true
2022-06-10T14:43:36.2204538Z   fetch-depth: 1
2022-06-10T14:43:36.2204732Z   lfs: false
2022-06-10T14:43:36.2204924Z   submodules: false
2022-06-10T14:43:36.2205292Z   set-safe-directory: true
2022-06-10T14:43:36.2205536Z ##[endgroup]
2022-06-10T14:43:41.4390574Z Syncing repository: yochi66865/basic-angular
2022-06-10T14:43:41.4392803Z ##[group]Getting Git version info
2022-06-10T14:43:41.4393611Z Working directory is 'C:\WS\gitlab\basic-angular\actions-runner\_work\basic-angular\basic-angular'
2022-06-10T14:43:41.4517257Z [command]"C:\Program Files\Git\cmd\git.exe" version
2022-06-10T14:43:41.4899559Z git version 2.31.1.windows.1
2022-06-10T14:43:41.5026286Z ##[endgroup]
2022-06-10T14:43:41.5050776Z Copying 'C:\Users\usser\.gitconfig' to 'C:\WS\gitlab\basic-angular\actions-runner\_work\_temp\2a1ea55f-6eb2-49a2-b1ff-4f133a132cf8\.gitconfig'
2022-06-10T14:43:41.5101701Z Temporarily overriding HOME='C:\WS\gitlab\basic-angular\actions-runner\_work\_temp\2a1ea55f-6eb2-49a2-b1ff-4f133a132cf8' before making global git config changes
2022-06-10T14:43:41.5103554Z Adding repository directory to the temporary git global config as a safe directory
2022-06-10T14:43:41.5122019Z [command]"C:\Program Files\Git\cmd\git.exe" config --global --add safe.directory C:\WS\gitlab\basic-angular\actions-runner\_work\basic-angular\basic-angular
2022-06-10T14:43:41.5600290Z Deleting the contents of 'C:\WS\gitlab\basic-angular\actions-runner\_work\basic-angular\basic-angular'
2022-06-10T14:43:41.5616218Z ##[group]Initializing the repository
2022-06-10T14:43:41.5632322Z [command]"C:\Program Files\Git\cmd\git.exe" init C:\WS\gitlab\basic-angular\actions-runner\_work\basic-angular\basic-angular
2022-06-10T14:43:41.6337920Z Initialized empty Git repository in C:/WS/gitlab/basic-angular/actions-runner/_work/basic-angular/basic-angular/.git/
2022-06-10T14:43:41.6417002Z [command]"C:\Program Files\Git\cmd\git.exe" remote add origin https://github.com/yochi66865/basic-angular
2022-06-10T14:43:41.6953769Z ##[endgroup]
2022-06-10T14:43:41.6954927Z ##[group]Disabling automatic garbage collection
2022-06-10T14:43:41.6966835Z [command]"C:\Program Files\Git\cmd\git.exe" config --local gc.auto 0
2022-06-10T14:43:41.7414066Z ##[endgroup]
2022-06-10T14:43:41.7414604Z ##[group]Setting up auth
2022-06-10T14:43:41.7437025Z [command]"C:\Program Files\Git\cmd\git.exe" config --local --name-only --get-regexp core\.sshCommand
2022-06-10T14:43:41.7828138Z [command]"C:\Program Files\Git\cmd\git.exe" submodule foreach --recursive "git config --local --name-only --get-regexp 'core\.sshCommand' && git config --local --unset-all 'core.sshCommand' || :"
2022-06-10T14:43:43.3205773Z [command]"C:\Program Files\Git\cmd\git.exe" config --local --name-only --get-regexp http\.https\:\/\/github\.com\/\.extraheader
2022-06-10T14:43:43.3736914Z [command]"C:\Program Files\Git\cmd\git.exe" submodule foreach --recursive "git config --local --name-only --get-regexp 'http\.https\:\/\/github\.com\/\.extraheader' && git config --local --unset-all 'http.https://github.com/.extraheader' || :"
2022-06-10T14:43:44.3328997Z [command]"C:\Program Files\Git\cmd\git.exe" config --local http.https://github.com/.extraheader "AUTHORIZATION: basic ***"
2022-06-10T14:43:44.3979444Z ##[endgroup]
2022-06-10T14:43:44.3981716Z ##[group]Fetching the repository
2022-06-10T14:43:44.4004811Z [command]"C:\Program Files\Git\cmd\git.exe" -c protocol.version=2 fetch --no-tags --prune --progress --no-recurse-submodules --depth=1 origin +4a99e44abea24a4fea0cfd5745655022531619c6:refs/remotes/origin/main
2022-06-10T14:43:45.2072083Z remote: Enumerating objects: 42, done.        
2022-06-10T14:43:45.2075199Z remote: Counting objects:   2% (1/42)        
2022-06-10T14:43:45.2076127Z remote: Counting objects:   4% (2/42)        
2022-06-10T14:43:45.2076715Z remote: Counting objects:   7% (3/42)        
2022-06-10T14:43:45.2077645Z remote: Counting objects:   9% (4/42)        
2022-06-10T14:43:45.2096896Z remote: Counting objects:  11% (5/42)        
2022-06-10T14:43:45.2110567Z remote: Counting objects:  14% (6/42)        
2022-06-10T14:43:45.2111650Z remote: Counting objects:  16% (7/42)        
2022-06-10T14:43:45.2112393Z remote: Counting objects:  19% (8/42)        
2022-06-10T14:43:45.2113088Z remote: Counting objects:  21% (9/42)        
2022-06-10T14:43:45.2113992Z remote: Counting objects:  23% (10/42)        
2022-06-10T14:43:45.2114879Z remote: Counting objects:  26% (11/42)        
2022-06-10T14:43:45.2115657Z remote: Counting objects:  28% (12/42)        
2022-06-10T14:43:45.2117147Z remote: Counting objects:  30% (13/42)        
2022-06-10T14:43:45.2117873Z remote: Counting objects:  33% (14/42)        
2022-06-10T14:43:45.2130904Z remote: Counting objects:  35% (15/42)        
2022-06-10T14:43:45.2132624Z remote: Counting objects:  38% (16/42)        
2022-06-10T14:43:45.2133330Z remote: Counting objects:  40% (17/42)        
2022-06-10T14:43:45.2134019Z remote: Counting objects:  42% (18/42)        
2022-06-10T14:43:45.2134700Z remote: Counting objects:  45% (19/42)        
2022-06-10T14:43:45.2135580Z remote: Counting objects:  47% (20/42)        
2022-06-10T14:43:45.2136216Z remote: Counting objects:  50% (21/42)        
2022-06-10T14:43:45.2136752Z remote: Counting objects:  52% (22/42)        
2022-06-10T14:43:45.2137285Z remote: Counting objects:  54% (23/42)        
2022-06-10T14:43:45.2137766Z remote: Counting objects:  57% (24/42)        
2022-06-10T14:43:45.2138236Z remote: Counting objects:  59% (25/42)        
2022-06-10T14:43:45.2138758Z remote: Counting objects:  61% (26/42)        
2022-06-10T14:43:45.2139264Z remote: Counting objects:  64% (27/42)        
2022-06-10T14:43:45.2139756Z remote: Counting objects:  66% (28/42)        
2022-06-10T14:43:45.2140231Z remote: Counting objects:  69% (29/42)        
2022-06-10T14:43:45.2140750Z remote: Counting objects:  71% (30/42)        
2022-06-10T14:43:45.2141260Z remote: Counting objects:  73% (31/42)        
2022-06-10T14:43:45.2141756Z remote: Counting objects:  76% (32/42)        
2022-06-10T14:43:45.2142276Z remote: Counting objects:  78% (33/42)        
2022-06-10T14:43:45.2142780Z remote: Counting objects:  80% (34/42)        
2022-06-10T14:43:45.2143293Z remote: Counting objects:  83% (35/42)        
2022-06-10T14:43:45.2143797Z remote: Counting objects:  85% (36/42)        
2022-06-10T14:43:45.2146149Z remote: Counting objects:  88% (37/42)        
2022-06-10T14:43:45.2146618Z remote: Counting objects:  90% (38/42)        
2022-06-10T14:43:45.2147100Z remote: Counting objects:  92% (39/42)        
2022-06-10T14:43:45.2147568Z remote: Counting objects:  95% (40/42)        
2022-06-10T14:43:45.2148011Z remote: Counting objects:  97% (41/42)        
2022-06-10T14:43:45.2148502Z remote: Counting objects: 100% (42/42)        
2022-06-10T14:43:45.2149038Z remote: Counting objects: 100% (42/42), done.        
2022-06-10T14:43:45.2149531Z remote: Compressing objects:   2% (1/37)        
2022-06-10T14:43:45.2150026Z remote: Compressing objects:   5% (2/37)        
2022-06-10T14:43:45.2150508Z remote: Compressing objects:   8% (3/37)        
2022-06-10T14:43:45.2151022Z remote: Compressing objects:  10% (4/37)        
2022-06-10T14:43:45.2151540Z remote: Compressing objects:  13% (5/37)        
2022-06-10T14:43:45.2152087Z remote: Compressing objects:  16% (6/37)        
2022-06-10T14:43:45.2152649Z remote: Compressing objects:  18% (7/37)        
2022-06-10T14:43:45.2153151Z remote: Compressing objects:  21% (8/37)        
2022-06-10T14:43:45.2153641Z remote: Compressing objects:  24% (9/37)        
2022-06-10T14:43:45.2154129Z remote: Compressing objects:  27% (10/37)        
2022-06-10T14:43:45.2156932Z remote: Compressing objects:  29% (11/37)        
2022-06-10T14:43:45.2157732Z remote: Compressing objects:  32% (12/37)        
2022-06-10T14:43:45.2158281Z remote: Compressing objects:  35% (13/37)        
2022-06-10T14:43:45.2158643Z remote: Compressing objects:  37% (14/37)        
2022-06-10T14:43:45.2158920Z remote: Compressing objects:  40% (15/37)        
2022-06-10T14:43:45.2159199Z remote: Compressing objects:  43% (16/37)        
2022-06-10T14:43:45.2159475Z remote: Compressing objects:  45% (17/37)        
2022-06-10T14:43:45.2159751Z remote: Compressing objects:  48% (18/37)        
2022-06-10T14:43:45.2160027Z remote: Compressing objects:  51% (19/37)        
2022-06-10T14:43:45.2160331Z remote: Compressing objects:  54% (20/37)        
2022-06-10T14:43:45.2160598Z remote: Compressing objects:  56% (21/37)        
2022-06-10T14:43:45.2161034Z remote: Compressing objects:  59% (22/37)        
2022-06-10T14:43:45.2161657Z remote: Compressing objects:  62% (23/37)        
2022-06-10T14:43:45.2162136Z remote: Compressing objects:  64% (24/37)        
2022-06-10T14:43:45.2162424Z remote: Compressing objects:  67% (25/37)        
2022-06-10T14:43:45.2162713Z remote: Compressing objects:  70% (26/37)        
2022-06-10T14:43:45.2162995Z remote: Compressing objects:  72% (27/37)        
2022-06-10T14:43:45.2188034Z remote: Compressing objects:  75% (28/37)        
2022-06-10T14:43:45.2188808Z remote: Compressing objects:  78% (29/37)        
2022-06-10T14:43:45.2189168Z remote: Compressing objects:  81% (30/37)        
2022-06-10T14:43:45.2189530Z remote: Compressing objects:  83% (31/37)        
2022-06-10T14:43:45.2190260Z remote: Compressing objects:  86% (32/37)        
2022-06-10T14:43:45.2190904Z remote: Compressing objects:  89% (33/37)        
2022-06-10T14:43:45.2191433Z remote: Compressing objects:  91% (34/37)        
2022-06-10T14:43:45.2191771Z remote: Compressing objects:  94% (35/37)        
2022-06-10T14:43:45.2192100Z remote: Compressing objects:  97% (36/37)        
2022-06-10T14:43:45.2192577Z remote: Compressing objects: 100% (37/37)        
2022-06-10T14:43:45.2193057Z remote: Compressing objects: 100% (37/37), done.        
2022-06-10T14:43:45.5524793Z remote: Total 42 (delta 1), reused 37 (delta 1), pack-reused 0        
2022-06-10T14:43:45.7556403Z From https://github.com/yochi66865/basic-angular
2022-06-10T14:43:45.7557572Z  * [new ref]         4a99e44abea24a4fea0cfd5745655022531619c6 -> origin/main
2022-06-10T14:43:45.7945974Z ##[endgroup]
2022-06-10T14:43:45.7946920Z ##[group]Determining the checkout info
2022-06-10T14:43:45.7951230Z ##[endgroup]
2022-06-10T14:43:45.7952412Z ##[group]Checking out the ref
2022-06-10T14:43:45.7966596Z [command]"C:\Program Files\Git\cmd\git.exe" checkout --progress --force -B main refs/remotes/origin/main
2022-06-10T14:43:45.9442586Z Branch 'main' set up to track remote branch 'main' from 'origin'.
2022-06-10T14:43:45.9443793Z Switched to a new branch 'main'
2022-06-10T14:43:45.9514993Z ##[endgroup]
2022-06-10T14:43:46.0149716Z [command]"C:\Program Files\Git\cmd\git.exe" log -1 --format='%H'
2022-06-10T14:43:46.0564044Z '4a99e44abea24a4fea0cfd5745655022531619c6'
2022-06-10T14:43:46.1800879Z ##[group]Run actions/setup-node@v3
2022-06-10T14:43:46.1801404Z with:
2022-06-10T14:43:46.1801770Z   node-version: 14.x
2022-06-10T14:43:46.1802130Z   cache: npm
2022-06-10T14:43:46.1802341Z   always-auth: false
2022-06-10T14:43:46.1802556Z   check-latest: false
2022-06-10T14:43:46.1802967Z   token: ***
2022-06-10T14:43:46.1803155Z ##[endgroup]
2022-06-10T14:43:48.9815232Z Attempting to download 14.x...
2022-06-10T14:43:50.4116740Z Acquiring 14.19.3 - x64 from https://github.com/actions/node-versions/releases/download/14.19.3-2343542109/node-14.19.3-win32-x64.7z
2022-06-10T14:44:11.5400314Z Extracting ...
2022-06-10T14:44:38.9794987Z Adding to the cache ...
2022-06-10T14:45:01.9134052Z Done
2022-06-10T14:45:01.9243319Z [command]C:\Windows\system32\cmd.exe /D /S /C "C:\WS\gitlab\basic-angular\actions-runner\_work\_tool\node\14.19.3\x64\npm.cmd config get cache"
2022-06-10T14:45:08.7923101Z C:\Users\usser\AppData\Roaming\npm-cache
2022-06-10T14:45:11.2016865Z 
2022-06-10T14:45:11.2026570Z npm cache is not found
2022-06-10T14:45:11.2859184Z ##[group]Run npm i
2022-06-10T14:45:11.2859928Z [36;1mnpm i[0m
2022-06-10T14:45:11.2972329Z shell: C:\Windows\System32\WindowsPowerShell\v1.0\powershell.EXE -command ". '{0}'"
2022-06-10T14:45:11.2973098Z ##[endgroup]
2022-06-10T14:49:11.3797736Z 
2022-06-10T14:49:11.3812094Z > core-js@3.15.1 postinstall C:\WS\gitlab\basic-angular\actions-runner\_work\basic-angular\basic-angular\node_modules\core-js
2022-06-10T14:49:11.3813218Z > node -e "try{require('./postinstall')}catch(e){}"
2022-06-10T14:49:11.3813423Z 
2022-06-10T14:49:12.6470078Z 
2022-06-10T14:49:12.6472136Z > @angular/cli@12.1.3 postinstall C:\WS\gitlab\basic-angular\actions-runner\_work\basic-angular\basic-angular\node_modules\@angular\cli
2022-06-10T14:49:12.6472804Z > node ./bin/postinstall/script.js
2022-06-10T14:49:14.9813852Z npm WARN optional SKIPPING OPTIONAL DEPENDENCY: fsevents@1.2.13 (node_modules\webpack-dev-server\node_modules\fsevents):
2022-06-10T14:49:14.9814759Z 
2022-06-10T14:49:14.9816485Z npm WARN notsup SKIPPING OPTIONAL DEPENDENCY: Unsupported platform for fsevents@1.2.13: wanted {"os":"darwin","arch":"any"} (current: {"os":"win32","arch":"x64"})
2022-06-10T14:49:15.0062935Z npm WARN optional SKIPPING OPTIONAL DEPENDENCY: fsevents@2.3.2 (node_modules\fsevents):
2022-06-10T14:49:15.0064311Z npm WARN notsup SKIPPING OPTIONAL DEPENDENCY: Unsupported platform for fsevents@2.3.2: wanted {"os":"darwin","arch":"any"} (current: {"os":"win32","arch":"x64"})
2022-06-10T14:49:15.0071041Z 
2022-06-10T14:49:15.0142294Z added 1323 packages from 1162 contributors and audited 1327 packages in 235.55s
2022-06-10T14:49:16.1593706Z 
2022-06-10T14:49:16.1594806Z 87 packages are looking for funding
2022-06-10T14:49:16.1595729Z   run `npm fund` for details
2022-06-10T14:49:16.1596306Z 
2022-06-10T14:49:16.1606355Z found 60 vulnerabilities (2 low, 15 moderate, 35 high, 8 critical)
2022-06-10T14:49:16.1607519Z   run `npm audit fix` to fix them, or `npm audit` for details
2022-06-10T14:49:16.3647714Z ##[group]Run npm run build --if-present
2022-06-10T14:49:16.3648463Z [36;1mnpm run build --if-present[0m
2022-06-10T14:49:16.3770675Z shell: C:\Windows\System32\WindowsPowerShell\v1.0\powershell.EXE -command ". '{0}'"
2022-06-10T14:49:16.3771319Z ##[endgroup]
2022-06-10T14:49:17.8970094Z 
2022-06-10T14:49:17.8971936Z > basic-angular@0.0.0 build C:\WS\gitlab\basic-angular\actions-runner\_work\basic-angular\basic-angular
2022-06-10T14:49:17.8974258Z > ng build
2022-06-10T14:49:17.8974509Z 
2022-06-10T14:49:23.6925037Z - Generating browser application bundles (phase: setup)...
2022-06-10T14:49:35.6713400Z Compiling @angular/core : es2015 as esm2015
2022-06-10T14:49:35.8880709Z Compiling @angular/cdk/keycodes : es2015 as esm2015
2022-06-10T14:49:35.9537595Z Compiling @angular/animations : es2015 as esm2015
2022-06-10T14:49:43.2161483Z Compiling @angular/cdk/observers : es2015 as esm2015
2022-06-10T14:49:43.2512665Z Compiling @angular/animations/browser : es2015 as esm2015
2022-06-10T14:49:43.2666423Z Compiling @angular/common : es2015 as esm2015
2022-06-10T14:49:45.7909098Z Compiling @angular/cdk/platform : es2015 as esm2015
2022-06-10T14:49:46.0836536Z Compiling @angular/cdk/bidi : es2015 as esm2015
2022-06-10T14:49:46.5562846Z Compiling @angular/platform-browser : es2015 as esm2015
2022-06-10T14:49:46.8967172Z Compiling @angular/cdk/a11y : es2015 as esm2015
2022-06-10T14:49:47.1839109Z Compiling @angular/cdk/collections : es2015 as esm2015
2022-06-10T14:49:47.8372655Z Compiling @angular/platform-browser/animations : es2015 as esm2015
2022-06-10T14:49:48.1466392Z Compiling @angular/forms : es2015 as esm2015
2022-06-10T14:49:48.7491381Z Compiling @angular/cdk/scrolling : es2015 as esm2015
2022-06-10T14:49:49.6373745Z Compiling @angular/cdk/portal : es2015 as esm2015
2022-06-10T14:49:50.5183813Z Compiling @angular/cdk/text-field : es2015 as esm2015
2022-06-10T14:49:50.6743879Z Compiling @angular/cdk/overlay : es2015 as esm2015
2022-06-10T14:49:51.4730414Z Compiling @angular/material/core : es2015 as esm2015
2022-06-10T14:49:51.5383768Z Compiling @angular/platform-browser-dynamic : es2015 as esm2015
2022-06-10T14:49:52.7705828Z Compiling @angular/cdk/drag-drop : es2015 as esm2015
2022-06-10T14:49:52.8558680Z Compiling @angular/router : es2015 as esm2015
2022-06-10T14:49:54.3206488Z Compiling @angular/material/form-field : es2015 as esm2015
2022-06-10T14:49:54.8070180Z Compiling @angular/material/dialog : es2015 as esm2015
2022-06-10T14:49:55.9088322Z Compiling @angular/material/input : es2015 as esm2015
2022-06-10T14:50:38.5322506Z ✔ Browser application bundle generation complete.
2022-06-10T14:50:38.5432804Z - Copying assets...
2022-06-10T14:50:38.5515740Z ✔ Browser application bundle generation complete.
2022-06-10T14:50:38.5651597Z ✔ Copying assets complete.
2022-06-10T14:50:38.5652409Z - Generating index html...
2022-06-10T14:50:38.6175456Z ✔ Index html generation complete.
2022-06-10T14:50:38.6279276Z 
2022-06-10T14:50:38.6280195Z Initial Chunk Files               | Names         |      Size
2022-06-10T14:50:38.6281269Z main.e0e362353aa88cf7d3a6.js      | main          | 489.78 kB
2022-06-10T14:50:38.6288544Z 
2022-06-10T14:50:38.6289489Z polyfills.ee829dba93dcb6205120.js | polyfills     |  35.97 kB
2022-06-10T14:50:38.6290649Z runtime.9de4d16c02bd223b16db.js   | runtime       |   1.01 kB
2022-06-10T14:50:38.6293460Z Warning: C:/WS/gitlab/basic-angular/actions-runner/_work/basic-angular/basic-angular/src/app/app.component.less exceeded maximum budget. Budget 2.00 kB was not met by 1.77 kB with a total of 3.77 kB.
2022-06-10T14:50:38.6294379Z 
2022-06-10T14:50:38.6295182Z Warning: initial exceeded maximum budget. Budget 500.00 kB was not met by 26.77 kB with a total of 526.77 kB.
2022-06-10T14:50:38.6295674Z 
2022-06-10T14:50:38.6296229Z styles.31d6cfe0d16ae931b73c.css   | styles        |   0 bytes
2022-06-10T14:50:38.6296642Z 
2022-06-10T14:50:38.6296673Z 
2022-06-10T14:50:38.6296935Z | Initial Total | 526.77 kB
2022-06-10T14:50:38.6299304Z 
2022-06-10T14:50:38.6300431Z Build at: 2022-06-10T14:50:38.623Z - Hash: 8f7b4801fc9650b0eef5 - Time: 70977ms
2022-06-10T14:50:38.9114434Z ##[group]Run npm test
2022-06-10T14:50:38.9114998Z [36;1mnpm test[0m
2022-06-10T14:50:38.9234344Z shell: C:\Windows\System32\WindowsPowerShell\v1.0\powershell.EXE -command ". '{0}'"
2022-06-10T14:50:38.9235065Z ##[endgroup]
2022-06-10T14:50:40.4564451Z 
2022-06-10T14:50:40.4566745Z > basic-angular@0.0.0 test C:\WS\gitlab\basic-angular\actions-runner\_work\basic-angular\basic-angular
2022-06-10T14:50:40.4568349Z > ng test
2022-06-10T14:50:40.4568658Z 
2022-06-10T14:50:44.7160600Z - Generating browser application bundles (phase: setup)...
2022-06-10T14:50:53.2112646Z Compiling @angular/core/testing : es2015 as esm2015
2022-06-10T14:50:53.4435550Z Compiling @angular/platform-browser/testing : es2015 as esm2015
2022-06-10T14:50:53.6249499Z Compiling @angular/compiler/testing : es2015 as esm2015
2022-06-10T14:50:58.1004976Z Compiling @angular/common/testing : es2015 as esm2015
2022-06-10T14:50:59.6718621Z Compiling @angular/platform-browser-dynamic/testing : es2015 as esm2015
2022-06-10T14:50:59.9109694Z Compiling @angular/router/testing : es2015 as esm2015
2022-06-10T14:51:08.5228489Z 10 06 2022 17:51:08.513:WARN [karma]: No captured browser, open http://localhost:9876/
2022-06-10T14:51:08.5453697Z 10 06 2022 17:51:08.544:INFO [karma-server]: Karma v6.3.4 server started at http://localhost:9876/
2022-06-10T14:51:08.5456267Z 10 06 2022 17:51:08.544:INFO [launcher]: Launching browsers Chrome with concurrency unlimited
2022-06-10T14:51:08.5549449Z 10 06 2022 17:51:08.553:INFO [launcher]: Starting browser Chrome
2022-06-10T14:51:17.7590601Z ✔ Browser application bundle generation complete.
2022-06-10T14:51:18.4483625Z 10 06 2022 17:51:18.441:WARN [karma]: No captured browser, open http://localhost:9876/
2022-06-10T14:51:19.4132639Z ✔ Browser application bundle generation complete.
2022-06-10T14:51:19.4803940Z 10 06 2022 17:51:19.479:WARN [karma]: No captured browser, open http://localhost:9876/
2022-06-10T14:51:19.5560186Z 10 06 2022 17:51:19.554:INFO [Chrome 102.0.5005.115 (Windows 10)]: Connected on socket 4GjQnRpywqWQpNqcAAAB with id 39737812
2022-06-10T14:51:22.6141706Z Chrome 102.0.5005.115 (Windows 10): Executed 0 of 4[32m SUCCESS[39m (0 secs / 0 secs)
2022-06-10T14:51:22.8609279Z [1A[2K[31mChrome 102.0.5005.115 (Windows 10) ModalComponent should create FAILED[39m
2022-06-10T14:51:22.8611261Z 	NullInjectorError: R3InjectorError(DynamicTestModule)[MatDialogRef -> MatDialogRef]: 
2022-06-10T14:51:22.8612492Z 	  NullInjectorError: No provider for MatDialogRef!
2022-06-10T14:51:22.8614259Z 	error properties: Object({ ngTempTokenPath: null, ngTokenPath: [ 'MatDialogRef', 'MatDialogRef' ] })
2022-06-10T14:51:22.8616069Z 	NullInjectorError: R3InjectorError(DynamicTestModule)[MatDialogRef -> MatDialogRef]: 
2022-06-10T14:51:22.8617317Z 	  NullInjectorError: No provider for MatDialogRef!
2022-06-10T14:51:22.8618483Z 	    at NullInjector.get (node_modules/@angular/core/__ivy_ngcc__/fesm2015/core.js:11100:1)
2022-06-10T14:51:22.8620611Z 	    at R3Injector.get (node_modules/@angular/core/__ivy_ngcc__/fesm2015/core.js:11267:1)
2022-06-10T14:51:22.8621920Z 	    at R3Injector.get (node_modules/@angular/core/__ivy_ngcc__/fesm2015/core.js:11267:1)
2022-06-10T14:51:22.8623285Z 	    at NgModuleRef$1.get (node_modules/@angular/core/__ivy_ngcc__/fesm2015/core.js:25365:1)
2022-06-10T14:51:22.8624657Z 	    at Object.get (node_modules/@angular/core/__ivy_ngcc__/fesm2015/core.js:25079:1)
2022-06-10T14:51:22.8626101Z 	    at lookupTokenUsingModuleInjector (node_modules/@angular/core/__ivy_ngcc__/fesm2015/core.js:3342:1)
2022-06-10T14:51:22.8627531Z 	    at getOrCreateInjectable (node_modules/@angular/core/__ivy_ngcc__/fesm2015/core.js:3454:1)
2022-06-10T14:51:22.8631470Z 	    at ɵɵdirectiveInject (node_modules/@angular/core/__ivy_ngcc__/fesm2015/core.js:14736:1)
2022-06-10T14:51:22.8633691Z 	    at NodeInjectorFactory.ModalComponent_Factory [as factory] (ng:///ModalComponent/ɵfac.js:4:42)
2022-06-10T14:51:22.8637235Z 	    at getNodeInjectable (node_modules/@angular/core/__ivy_ngcc__/fesm2015/core.js:3549:1)
2022-06-10T14:51:22.8638390Z 	Error: Expected undefined to be truthy.
2022-06-10T14:51:22.8639199Z 	    at <Jasmine>
2022-06-10T14:51:22.8640283Z 	    at UserContext.<anonymous> (src/app/modal/modal.component.spec.ts:23:23)
2022-06-10T14:51:22.8641535Z 	    at ZoneDelegate.invoke (node_modules/zone.js/fesm2015/zone.js:372:1)
2022-06-10T14:51:22.8643686Z 	    at ProxyZoneSpec.onInvoke (node_modules/zone.js/fesm2015/zone-testing.js:287:1)
2022-06-10T14:51:22.8645525Z Chrome 102.0.5005.115 (Windows 10): Executed 1 of 4[31m (1 FAILED)[39m (0 secs / 0.213 secs)
2022-06-10T14:51:22.9676623Z [1A[2K[31mChrome 102.0.5005.115 (Windows 10) AppComponent should have as title 'basic-angular' FAILED[39m
2022-06-10T14:51:22.9678128Z 	NullInjectorError: R3InjectorError(DynamicTestModule)[MatDialog -> MatDialog]: 
2022-06-10T14:51:22.9678889Z 	  NullInjectorError: No provider for MatDialog!
2022-06-10T14:51:22.9679646Z 	error properties: Object({ ngTempTokenPath: null, ngTokenPath: [ 'MatDialog', 'MatDialog' ] })
2022-06-10T14:51:22.9680420Z 	NullInjectorError: R3InjectorError(DynamicTestModule)[MatDialog -> MatDialog]: 
2022-06-10T14:51:22.9680984Z 	  NullInjectorError: No provider for MatDialog!
2022-06-10T14:51:22.9681527Z 	    at NullInjector.get (node_modules/@angular/core/__ivy_ngcc__/fesm2015/core.js:11100:1)
2022-06-10T14:51:22.9703350Z 	    at R3Injector.get (node_modules/@angular/core/__ivy_ngcc__/fesm2015/core.js:11267:1)
2022-06-10T14:51:22.9704654Z 	    at R3Injector.get (node_modules/@angular/core/__ivy_ngcc__/fesm2015/core.js:11267:1)
2022-06-10T14:51:22.9705715Z 	    at NgModuleRef$1.get (node_modules/@angular/core/__ivy_ngcc__/fesm2015/core.js:25365:1)
2022-06-10T14:51:22.9706714Z 	    at Object.get (node_modules/@angular/core/__ivy_ngcc__/fesm2015/core.js:25079:1)
2022-06-10T14:51:22.9707849Z 	    at lookupTokenUsingModuleInjector (node_modules/@angular/core/__ivy_ngcc__/fesm2015/core.js:3342:1)
2022-06-10T14:51:22.9709157Z 	    at getOrCreateInjectable (node_modules/@angular/core/__ivy_ngcc__/fesm2015/core.js:3454:1)
2022-06-10T14:51:22.9710763Z 	    at ɵɵdirectiveInject (node_modules/@angular/core/__ivy_ngcc__/fesm2015/core.js:14736:1)
2022-06-10T14:51:22.9712245Z 	    at NodeInjectorFactory.AppComponent_Factory [as factory] (ng:///AppComponent/ɵfac.js:4:40)
2022-06-10T14:51:22.9713381Z 	    at getNodeInjectable (node_modules/@angular/core/__ivy_ngcc__/fesm2015/core.js:3549:1)
2022-06-10T14:51:22.9714919Z Chrome 102.0.5005.115 (Windows 10): Executed 2 of 4[31m (2 FAILED)[39m (0 secs / 0.316 secs)
2022-06-10T14:51:22.9759601Z [1A[2K[31mChrome 102.0.5005.115 (Windows 10) AppComponent should create the app FAILED[39m
2022-06-10T14:51:22.9761098Z 	NullInjectorError: R3InjectorError(DynamicTestModule)[MatDialog -> MatDialog]: 
2022-06-10T14:51:22.9762000Z 	  NullInjectorError: No provider for MatDialog!
2022-06-10T14:51:22.9763294Z 	error properties: Object({ ngTempTokenPath: null, ngTokenPath: [ 'MatDialog', 'MatDialog' ] })
2022-06-10T14:51:22.9764675Z 	NullInjectorError: R3InjectorError(DynamicTestModule)[MatDialog -> MatDialog]: 
2022-06-10T14:51:22.9765564Z 	  NullInjectorError: No provider for MatDialog!
2022-06-10T14:51:22.9766506Z 	    at NullInjector.get (node_modules/@angular/core/__ivy_ngcc__/fesm2015/core.js:11100:1)
2022-06-10T14:51:22.9767535Z 	    at R3Injector.get (node_modules/@angular/core/__ivy_ngcc__/fesm2015/core.js:11267:1)
2022-06-10T14:51:22.9768562Z 	    at R3Injector.get (node_modules/@angular/core/__ivy_ngcc__/fesm2015/core.js:11267:1)
2022-06-10T14:51:22.9769621Z 	    at NgModuleRef$1.get (node_modules/@angular/core/__ivy_ngcc__/fesm2015/core.js:25365:1)
2022-06-10T14:51:22.9770617Z 	    at Object.get (node_modules/@angular/core/__ivy_ngcc__/fesm2015/core.js:25079:1)
2022-06-10T14:51:22.9771731Z 	    at lookupTokenUsingModuleInjector (node_modules/@angular/core/__ivy_ngcc__/fesm2015/core.js:3342:1)
2022-06-10T14:51:22.9774178Z 	    at getOrCreateInjectable (node_modules/@angular/core/__ivy_ngcc__/fesm2015/core.js:3454:1)
2022-06-10T14:51:22.9775731Z 	    at ɵɵdirectiveInject (node_modules/@angular/core/__ivy_ngcc__/fesm2015/core.js:14736:1)
2022-06-10T14:51:22.9777151Z 	    at NodeInjectorFactory.AppComponent_Factory [as factory] (ng:///AppComponent/ɵfac.js:4:40)
2022-06-10T14:51:22.9778278Z 	    at getNodeInjectable (nod